Archive member included to satisfy reference by file (symbol)

c:/program files (x86)/gnu tools arm embedded/5.3 2016q1/bin/../lib/gcc/arm-none-eabi/5.3.1/armv7-m\libgcc.a(_aeabi_uldivmod.o)
                              DateTime.o (__aeabi_uldivmod)
c:/program files (x86)/gnu tools arm embedded/5.3 2016q1/bin/../lib/gcc/arm-none-eabi/5.3.1/armv7-m\libgcc.a(_udivmoddi4.o)
                              c:/program files (x86)/gnu tools arm embedded/5.3 2016q1/bin/../lib/gcc/arm-none-eabi/5.3.1/armv7-m\libgcc.a(_aeabi_uldivmod.o) (__udivmoddi4)
c:/program files (x86)/gnu tools arm embedded/5.3 2016q1/bin/../lib/gcc/arm-none-eabi/5.3.1/armv7-m\libgcc.a(_dvmd_tls.o)
                              c:/program files (x86)/gnu tools arm embedded/5.3 2016q1/bin/../lib/gcc/arm-none-eabi/5.3.1/armv7-m\libgcc.a(_aeabi_uldivmod.o) (__aeabi_ldiv0)

Allocating common symbols
Common symbol       size              file

__dso_handle        0x4               bmptk_cortex.o

Discarded input sections

 .group         0x00000000        0x8 DateTime.o
 .group         0x00000000        0x8 DateTime.o
 .group         0x00000000        0x8 DateTime.o
 .group         0x00000000        0x8 DateTime.o
 .group         0x00000000        0x8 DateTime.o
 .group         0x00000000        0x8 DateTime.o
 .group         0x00000000        0x8 DateTime.o
 .group         0x00000000        0x8 DateTime.o
 .group         0x00000000        0x8 DateTime.o
 .group         0x00000000        0x8 DateTime.o
 .group         0x00000000        0x8 DateTime.o
 .group         0x00000000        0x8 DateTime.o
 .group         0x00000000        0x8 DateTime.o
 .group         0x00000000        0x8 DateTime.o
 .group         0x00000000        0x8 DateTime.o
 .group         0x00000000        0x8 DateTime.o
 .group         0x00000000        0x8 DateTime.o
 .group         0x00000000        0x8 DateTime.o
 .group         0x00000000        0x8 DateTime.o
 .group         0x00000000        0x8 DateTime.o
 .group         0x00000000        0x8 DateTime.o
 .group         0x00000000        0x8 DateTime.o
 .group         0x00000000        0x8 DateTime.o
 .group         0x00000000        0x8 DateTime.o
 .group         0x00000000        0x8 DateTime.o
 .group         0x00000000        0x8 DateTime.o
 .group         0x00000000        0x8 DateTime.o
 .group         0x00000000        0x8 DateTime.o
 .group         0x00000000        0x8 DateTime.o
 .text          0x00000000        0x0 DateTime.o
 .data          0x00000000        0x0 DateTime.o
 .bss           0x00000000        0x0 DateTime.o
 .text._ZN5hwlib19_pin_in_dummy_class3getEv
                0x00000000        0x4 DateTime.o
 .text._ZN5hwlib20_pin_out_dummy_class3setEb
                0x00000000        0x2 DateTime.o
 .text._ZN5hwlib23_pin_in_out_dummy_class3setEb
                0x00000000        0x2 DateTime.o
 .text._ZN5hwlib23_pin_in_out_dummy_class3getEv
                0x00000000        0x4 DateTime.o
 .text._ZN5hwlib23_pin_in_out_dummy_class19direction_set_inputEv
                0x00000000        0x2 DateTime.o
 .text._ZN5hwlib23_pin_in_out_dummy_class20direction_set_outputEv
                0x00000000        0x2 DateTime.o
 .text._ZN5hwlib19_pin_oc_dummy_class3setEb
                0x00000000        0x2 DateTime.o
 .text._ZN5hwlib19_pin_oc_dummy_class3getEv
                0x00000000        0x4 DateTime.o
 .text._ZN5hwlib6window5writeENS_8locationENS_5colorE
                0x00000000       0x3e DateTime.o
 .text._ZN5hwlib4line4drawERNS_6windowE
                0x00000000       0xa4 DateTime.o
 .text._ZN5hwlib6circle4drawERNS_6windowE
                0x00000000      0x2ec DateTime.o
 .text._ZN5hwlib4randEv
                0x00000000       0x20 DateTime.o
 .text._ZN5hwlib15random_in_rangeEjj
                0x00000000       0x1a DateTime.o
 .text._ZN3due11ad_pin_infoENS_7ad_pinsE
                0x00000000       0x1c DateTime.o
 .text._ZN3due11ad_seq_infoEi
                0x00000000       0x20 DateTime.o
 .text._ZN5hwlib7wait_nsEi
                0x00000000       0x10 DateTime.o
 .text._ZN5hwlib5blinkERNS_7pin_outEi
                0x00000000       0x28 DateTime.o
 .text._ZN5hwlib4kittERNS_11port_in_outEi
                0x00000000       0x54 DateTime.o
 .text._ZN5hwlib4kittERNS_8port_outEi
                0x00000000       0x4e DateTime.o
 .text._ZN5hwlib4kittERNS_7port_ocEi
                0x00000000       0x4e DateTime.o
 .text._ZN5hwlib21graphics_random_linesERNS_6windowE
                0x00000000       0xe8 DateTime.o
 .text._ZN5hwlib23graphics_random_circlesERNS_6windowE
                0x00000000       0x8c DateTime.o
 .text._ZN5hwlib24uart_getc_bit_banged_pinERNS_6pin_inE
                0x00000000       0x6c DateTime.o
 .text._ZN5hwlib9uart_getcEv
                0x00000000       0x38 DateTime.o
 .text._ZN5hwlib19cin_using_uart_getc4getcEv
                0x00000000        0x8 DateTime.o
 .rodata._ZTVN5hwlib19_pin_in_dummy_classE
                0x00000000        0xc DateTime.o
 .rodata._ZTVN5hwlib20_pin_out_dummy_classE
                0x00000000        0xc DateTime.o
 .rodata._ZTVN5hwlib23_pin_in_out_dummy_classE
                0x00000000       0x18 DateTime.o
 .rodata._ZTVN5hwlib19_pin_oc_dummy_classE
                0x00000000       0x10 DateTime.o
 .rodata._ZTVN5hwlib19cin_using_uart_getcE
                0x00000000        0xc DateTime.o
 .rodata._ZTVN5hwlib4lineE
                0x00000000        0xc DateTime.o
 .rodata._ZTVN5hwlib6circleE
                0x00000000        0xc DateTime.o
 .data._ZN5hwlib12pin_in_dummyE
                0x00000000        0x4 DateTime.o
 .data._ZN5hwlib16pin_in_out_dummyE
                0x00000000        0x4 DateTime.o
 .bss._ZZN5hwlib9uart_getcEvE3pin
                0x00000000        0xc DateTime.o
 .bss._ZZN5hwlib4randEvE1n
                0x00000000        0x4 DateTime.o
 .rodata._ZZN3due11ad_pin_infoENS_7ad_pinsEE17ad_pin_info_array
                0x00000000        0xc DateTime.o
 .data._ZN5hwlib3cinE
                0x00000000        0x4 DateTime.o
 .bss._ZGVZN5hwlib9uart_getcEvE3pin
                0x00000000        0x4 DateTime.o
 .data._ZN5hwlib12pin_oc_dummyE
                0x00000000        0x4 DateTime.o
 .rodata._ZZN3due11ad_seq_infoEiE12ad_seq_array
                0x00000000       0x70 DateTime.o
 .data._ZN5hwlib13pin_out_dummyE
                0x00000000        0x4 DateTime.o
 .group         0x00000000        0x8 decoder.o
 .group         0x00000000        0x8 decoder.o
 .group         0x00000000        0x8 decoder.o
 .group         0x00000000        0x8 decoder.o
 .group         0x00000000        0x8 decoder.o
 .group         0x00000000        0x8 decoder.o
 .group         0x00000000        0x8 decoder.o
 .group         0x00000000        0x8 decoder.o
 .group         0x00000000        0x8 decoder.o
 .group         0x00000000        0x8 decoder.o
 .group         0x00000000        0x8 decoder.o
 .group         0x00000000        0x8 decoder.o
 .group         0x00000000        0x8 decoder.o
 .group         0x00000000        0x8 decoder.o
 .group         0x00000000        0x8 decoder.o
 .group         0x00000000        0x8 decoder.o
 .group         0x00000000        0x8 decoder.o
 .group         0x00000000        0x8 decoder.o
 .group         0x00000000        0x8 decoder.o
 .group         0x00000000        0x8 decoder.o
 .group         0x00000000        0x8 decoder.o
 .group         0x00000000        0x8 decoder.o
 .group         0x00000000        0x8 decoder.o
 .group         0x00000000        0x8 decoder.o
 .group         0x00000000        0x8 decoder.o
 .group         0x00000000        0x8 decoder.o
 .group         0x00000000        0x8 decoder.o
 .group         0x00000000        0x8 decoder.o
 .group         0x00000000        0x8 decoder.o
 .text          0x00000000        0x0 decoder.o
 .data          0x00000000        0x0 decoder.o
 .bss           0x00000000        0x0 decoder.o
 .text._ZN5hwlib19_pin_in_dummy_class3getEv
                0x00000000        0x4 decoder.o
 .text._ZN5hwlib20_pin_out_dummy_class3setEb
                0x00000000        0x2 decoder.o
 .text._ZN5hwlib23_pin_in_out_dummy_class3setEb
                0x00000000        0x2 decoder.o
 .text._ZN5hwlib23_pin_in_out_dummy_class3getEv
                0x00000000        0x4 decoder.o
 .text._ZN5hwlib23_pin_in_out_dummy_class19direction_set_inputEv
                0x00000000        0x2 decoder.o
 .text._ZN5hwlib23_pin_in_out_dummy_class20direction_set_outputEv
                0x00000000        0x2 decoder.o
 .text._ZN5hwlib19_pin_oc_dummy_class3setEb
                0x00000000        0x2 decoder.o
 .text._ZN5hwlib19_pin_oc_dummy_class3getEv
                0x00000000        0x4 decoder.o
 .text._ZN5hwlib7ostream5flushEv
                0x00000000        0x2 decoder.o
 .text._ZN3due6pin_in3getEv
                0x00000000       0x10 decoder.o
 .text._ZN3due7pin_out3setEb
                0x00000000        0xe decoder.o
 .text._ZN5hwlib7ostream6fillerEi
                0x00000000       0x1a decoder.o
 .text._ZN5hwliblsERNS_7ostreamEPKc
                0x00000000       0x54 decoder.o
 .text._ZN5hwliblsERNS_7ostreamEi
                0x00000000       0xd4 decoder.o
 .text._ZN5hwlib6window5writeENS_8locationENS_5colorE
                0x00000000       0x3e decoder.o
 .text._ZN5hwlib4line4drawERNS_6windowE
                0x00000000       0xa4 decoder.o
 .text._ZN5hwlib6circle4drawERNS_6windowE
                0x00000000      0x2ec decoder.o
 .text._ZN5hwlib4randEv
                0x00000000       0x20 decoder.o
 .text._ZN5hwlib15random_in_rangeEjj
                0x00000000       0x1a decoder.o
 .text._ZN3due8pin_infoENS_4pinsE
                0x00000000       0x20 decoder.o
 .text._ZN3due11ad_pin_infoENS_7ad_pinsE
                0x00000000       0x1c decoder.o
 .text._ZN3due11ad_seq_infoEi
                0x00000000       0x20 decoder.o
 .text._ZN3due14port_registersEi
                0x00000000       0x48 decoder.o
 .text._ZN3due6now_usEv
                0x00000000       0x78 decoder.o
 .text._ZN5hwlib7wait_usEi
                0x00000000       0x28 decoder.o
 .text._ZN5hwlib24uart_putc_bit_banged_pinEcRNS_7pin_outE
                0x00000000       0x5c decoder.o
 .text._ZN5hwlib7wait_nsEi
                0x00000000       0x10 decoder.o
 .text._ZN5hwlib7wait_msEi
                0x00000000       0x16 decoder.o
 .text._ZN5hwlib5blinkERNS_7pin_outEi
                0x00000000       0x28 decoder.o
 .text._ZN5hwlib4kittERNS_11port_in_outEi
                0x00000000       0x54 decoder.o
 .text._ZN5hwlib4kittERNS_8port_outEi
                0x00000000       0x4e decoder.o
 .text._ZN5hwlib4kittERNS_7port_ocEi
                0x00000000       0x4e decoder.o
 .text._ZN5hwlib21graphics_random_linesERNS_6windowE
                0x00000000       0xe8 decoder.o
 .text._ZN5hwlib23graphics_random_circlesERNS_6windowE
                0x00000000       0x8c decoder.o
 .text._ZN5hwlib9uart_putcEc
                0x00000000       0x3c decoder.o
 .text._ZN5hwlib20cout_using_uart_putc4putcEc
                0x00000000        0xa decoder.o
 .text._ZN5hwlib6now_usEv
                0x00000000        0x8 decoder.o
 .text._ZN5hwlib24uart_getc_bit_banged_pinERNS_6pin_inE
                0x00000000       0x6c decoder.o
 .text._ZN5hwlib9uart_getcEv
                0x00000000       0x38 decoder.o
 .text._ZN5hwlib19cin_using_uart_getc4getcEv
                0x00000000        0x8 decoder.o
 .text._ZN7decoder18get_decoded_signalEv
                0x00000000        0x2 decoder.o
 .rodata._ZTVN5hwlib19_pin_in_dummy_classE
                0x00000000        0xc decoder.o
 .rodata._ZTVN5hwlib20_pin_out_dummy_classE
                0x00000000        0xc decoder.o
 .rodata._ZTVN5hwlib23_pin_in_out_dummy_classE
                0x00000000       0x18 decoder.o
 .rodata._ZTVN5hwlib19_pin_oc_dummy_classE
                0x00000000       0x10 decoder.o
 .rodata._ZTVN5hwlib20cout_using_uart_putcE
                0x00000000       0x10 decoder.o
 .rodata._ZTVN5hwlib19cin_using_uart_getcE
                0x00000000        0xc decoder.o
 .rodata._ZTVN5hwlib4lineE
                0x00000000        0xc decoder.o
 .rodata._ZTVN5hwlib6circleE
                0x00000000        0xc decoder.o
 .rodata._ZTVN3due6pin_inE
                0x00000000        0xc decoder.o
 .rodata._ZTVN3due7pin_outE
                0x00000000        0xc decoder.o
 .bss._ZGVZN5hwlib9uart_putcEcE3pin
                0x00000000        0x4 decoder.o
 .data._ZN5hwlib12pin_in_dummyE
                0x00000000        0x4 decoder.o
 .data._ZN5hwlib16pin_in_out_dummyE
                0x00000000        0x4 decoder.o
 .data._ZN5hwlib3cinE
                0x00000000        0x4 decoder.o
 .bss._ZZN5hwlib9uart_getcEvE3pin
                0x00000000        0xc decoder.o
 .bss._ZZN5hwlib9uart_putcEcE3pin
                0x00000000        0xc decoder.o
 .bss._ZZN5hwlib4randEvE1n
                0x00000000        0x4 decoder.o
 .bss._ZZN3due6now_usEvE8last_low
                0x00000000        0x4 decoder.o
 .rodata._ZZN3due11ad_pin_infoENS_7ad_pinsEE17ad_pin_info_array
                0x00000000        0xc decoder.o
 .data._ZN5hwlib4coutE
                0x00000000       0x14 decoder.o
 .bss._ZGVZN5hwlib9uart_getcEvE3pin
                0x00000000        0x4 decoder.o
 .bss._ZZN3due6now_usEvE4high
                0x00000000        0x8 decoder.o
 .rodata._ZZN3due8pin_infoENS_4pinsEE14pin_info_array
                0x00000000       0xa4 decoder.o
 .data._ZN5hwlib12pin_oc_dummyE
                0x00000000        0x4 decoder.o
 .rodata._ZZN3due11ad_seq_infoEiE12ad_seq_array
                0x00000000       0x70 decoder.o
 .data._ZN5hwlib13pin_out_dummyE
                0x00000000        0x4 decoder.o
 .bss._ZZN3due6now_usEvE9init_done
                0x00000000        0x1 decoder.o
 .group         0x00000000        0x8 signal.o
 .group         0x00000000        0x8 signal.o
 .group         0x00000000        0x8 signal.o
 .group         0x00000000        0x8 signal.o
 .group         0x00000000        0x8 signal.o
 .group         0x00000000        0x8 signal.o
 .group         0x00000000        0x8 signal.o
 .group         0x00000000        0x8 signal.o
 .group         0x00000000        0x8 signal.o
 .group         0x00000000        0x8 signal.o
 .group         0x00000000        0x8 signal.o
 .group         0x00000000        0x8 signal.o
 .group         0x00000000        0x8 signal.o
 .group         0x00000000        0x8 signal.o
 .group         0x00000000        0x8 signal.o
 .group         0x00000000        0x8 signal.o
 .group         0x00000000        0x8 signal.o
 .group         0x00000000        0x8 signal.o
 .group         0x00000000        0x8 signal.o
 .group         0x00000000        0x8 signal.o
 .group         0x00000000        0x8 signal.o
 .group         0x00000000        0x8 signal.o
 .group         0x00000000        0x8 signal.o
 .group         0x00000000        0x8 signal.o
 .group         0x00000000        0x8 signal.o
 .group         0x00000000        0x8 signal.o
 .text          0x00000000        0x0 signal.o
 .data          0x00000000        0x0 signal.o
 .bss           0x00000000        0x0 signal.o
 .text._ZN5hwlib19_pin_in_dummy_class3getEv
                0x00000000        0x4 signal.o
 .text._ZN5hwlib20_pin_out_dummy_class3setEb
                0x00000000        0x2 signal.o
 .text._ZN5hwlib23_pin_in_out_dummy_class3setEb
                0x00000000        0x2 signal.o
 .text._ZN5hwlib23_pin_in_out_dummy_class3getEv
                0x00000000        0x4 signal.o
 .text._ZN5hwlib23_pin_in_out_dummy_class19direction_set_inputEv
                0x00000000        0x2 signal.o
 .text._ZN5hwlib23_pin_in_out_dummy_class20direction_set_outputEv
                0x00000000        0x2 signal.o
 .text._ZN5hwlib19_pin_oc_dummy_class3setEb
                0x00000000        0x2 signal.o
 .text._ZN5hwlib19_pin_oc_dummy_class3getEv
                0x00000000        0x4 signal.o
 .text._ZN5hwlib7ostream5flushEv
                0x00000000        0x2 signal.o
 .text._ZN3due6pin_in3getEv
                0x00000000       0x10 signal.o
 .text._ZN3due7pin_out3setEb
                0x00000000        0xe signal.o
 .text._ZN5hwlib6window5writeENS_8locationENS_5colorE
                0x00000000       0x3e signal.o
 .text._ZN5hwlib4line4drawERNS_6windowE
                0x00000000       0xa4 signal.o
 .text._ZN5hwlib6circle4drawERNS_6windowE
                0x00000000      0x2ec signal.o
 .text._ZN5hwlib4randEv
                0x00000000       0x20 signal.o
 .text._ZN5hwlib15random_in_rangeEjj
                0x00000000       0x1a signal.o
 .text._ZN3due8pin_infoENS_4pinsE
                0x00000000       0x20 signal.o
 .text._ZN3due11ad_pin_infoENS_7ad_pinsE
                0x00000000       0x1c signal.o
 .text._ZN3due11ad_seq_infoEi
                0x00000000       0x20 signal.o
 .text._ZN3due14port_registersEi
                0x00000000       0x48 signal.o
 .text._ZN3due6now_usEv
                0x00000000       0x78 signal.o
 .text._ZN5hwlib7wait_usEi
                0x00000000       0x28 signal.o
 .text._ZN5hwlib24uart_putc_bit_banged_pinEcRNS_7pin_outE
                0x00000000       0x5c signal.o
 .text._ZN5hwlib7wait_nsEi
                0x00000000       0x10 signal.o
 .text._ZN5hwlib7wait_msEi
                0x00000000       0x16 signal.o
 .text._ZN5hwlib5blinkERNS_7pin_outEi
                0x00000000       0x28 signal.o
 .text._ZN5hwlib4kittERNS_11port_in_outEi
                0x00000000       0x54 signal.o
 .text._ZN5hwlib4kittERNS_8port_outEi
                0x00000000       0x4e signal.o
 .text._ZN5hwlib4kittERNS_7port_ocEi
                0x00000000       0x4e signal.o
 .text._ZN5hwlib21graphics_random_linesERNS_6windowE
                0x00000000       0xe8 signal.o
 .text._ZN5hwlib23graphics_random_circlesERNS_6windowE
                0x00000000       0x8c signal.o
 .text._ZN5hwlib9uart_putcEc
                0x00000000       0x3c signal.o
 .text._ZN5hwlib20cout_using_uart_putc4putcEc
                0x00000000        0xa signal.o
 .text._ZN5hwlib6now_usEv
                0x00000000        0x8 signal.o
 .text._ZN5hwlib24uart_getc_bit_banged_pinERNS_6pin_inE
                0x00000000       0x6c signal.o
 .text._ZN5hwlib9uart_getcEv
                0x00000000       0x38 signal.o
 .text._ZN5hwlib19cin_using_uart_getc4getcEv
                0x00000000        0x8 signal.o
 .text._ZN6signal4fillEv
                0x00000000       0x26 signal.o
 .text._ZN6signal23raw_data_buffer_elementEi
                0x00000000        0x6 signal.o
 .rodata._ZTVN5hwlib19_pin_in_dummy_classE
                0x00000000        0xc signal.o
 .rodata._ZTVN5hwlib20_pin_out_dummy_classE
                0x00000000        0xc signal.o
 .rodata._ZTVN5hwlib23_pin_in_out_dummy_classE
                0x00000000       0x18 signal.o
 .rodata._ZTVN5hwlib19_pin_oc_dummy_classE
                0x00000000       0x10 signal.o
 .rodata._ZTVN5hwlib20cout_using_uart_putcE
                0x00000000       0x10 signal.o
 .rodata._ZTVN5hwlib19cin_using_uart_getcE
                0x00000000        0xc signal.o
 .rodata._ZTVN5hwlib4lineE
                0x00000000        0xc signal.o
 .rodata._ZTVN5hwlib6circleE
                0x00000000        0xc signal.o
 .rodata._ZTVN3due6pin_inE
                0x00000000        0xc signal.o
 .rodata._ZTVN3due7pin_outE
                0x00000000        0xc signal.o
 .bss._ZGVZN5hwlib9uart_putcEcE3pin
                0x00000000        0x4 signal.o
 .data._ZN5hwlib12pin_in_dummyE
                0x00000000        0x4 signal.o
 .data._ZN5hwlib16pin_in_out_dummyE
                0x00000000        0x4 signal.o
 .bss._ZZN5hwlib9uart_getcEvE3pin
                0x00000000        0xc signal.o
 .bss._ZZN5hwlib9uart_putcEcE3pin
                0x00000000        0xc signal.o
 .bss._ZZN5hwlib4randEvE1n
                0x00000000        0x4 signal.o
 .bss._ZZN3due6now_usEvE8last_low
                0x00000000        0x4 signal.o
 .rodata.str1.1
                0x00000000       0x17 signal.o
 .bss.buffer_counter
                0x00000000        0x4 signal.o
 .rodata._ZZN3due11ad_pin_infoENS_7ad_pinsEE17ad_pin_info_array
                0x00000000        0xc signal.o
 .data._ZN5hwlib3cinE
                0x00000000        0x4 signal.o
 .bss.sampling_time
                0x00000000        0x4 signal.o
 .bss._ZGVZN5hwlib9uart_getcEvE3pin
                0x00000000        0x4 signal.o
 .data._ZN5hwlib4coutE
                0x00000000       0x14 signal.o
 .bss._ZZN3due6now_usEvE4high
                0x00000000        0x8 signal.o
 .rodata._ZZN3due8pin_infoENS_4pinsEE14pin_info_array
                0x00000000       0xa4 signal.o
 .data._ZN5hwlib12pin_oc_dummyE
                0x00000000        0x4 signal.o
 .rodata._ZZN3due11ad_seq_infoEiE12ad_seq_array
                0x00000000       0x70 signal.o
 .data._ZN5hwlib13pin_out_dummyE
                0x00000000        0x4 signal.o
 .bss._ZZN3due6now_usEvE9init_done
                0x00000000        0x1 signal.o
 .group         0x00000000        0x8 timer.o
 .group         0x00000000        0x8 timer.o
 .group         0x00000000        0x8 timer.o
 .group         0x00000000        0x8 timer.o
 .group         0x00000000        0x8 timer.o
 .group         0x00000000        0x8 timer.o
 .group         0x00000000        0x8 timer.o
 .group         0x00000000        0x8 timer.o
 .group         0x00000000        0x8 timer.o
 .group         0x00000000        0x8 timer.o
 .group         0x00000000        0x8 timer.o
 .group         0x00000000        0x8 timer.o
 .group         0x00000000        0x8 timer.o
 .group         0x00000000        0x8 timer.o
 .group         0x00000000        0x8 timer.o
 .group         0x00000000        0x8 timer.o
 .group         0x00000000        0x8 timer.o
 .group         0x00000000        0x8 timer.o
 .group         0x00000000        0x8 timer.o
 .group         0x00000000        0x8 timer.o
 .group         0x00000000        0x8 timer.o
 .group         0x00000000        0x8 timer.o
 .group         0x00000000        0x8 timer.o
 .group         0x00000000        0x8 timer.o
 .group         0x00000000        0x8 timer.o
 .group         0x00000000        0x8 timer.o
 .text          0x00000000        0x0 timer.o
 .data          0x00000000        0x0 timer.o
 .bss           0x00000000        0x0 timer.o
 .text._ZN5hwlib19_pin_in_dummy_class3getEv
                0x00000000        0x4 timer.o
 .text._ZN5hwlib20_pin_out_dummy_class3setEb
                0x00000000        0x2 timer.o
 .text._ZN5hwlib23_pin_in_out_dummy_class3setEb
                0x00000000        0x2 timer.o
 .text._ZN5hwlib23_pin_in_out_dummy_class3getEv
                0x00000000        0x4 timer.o
 .text._ZN5hwlib23_pin_in_out_dummy_class19direction_set_inputEv
                0x00000000        0x2 timer.o
 .text._ZN5hwlib23_pin_in_out_dummy_class20direction_set_outputEv
                0x00000000        0x2 timer.o
 .text._ZN5hwlib19_pin_oc_dummy_class3setEb
                0x00000000        0x2 timer.o
 .text._ZN5hwlib19_pin_oc_dummy_class3getEv
                0x00000000        0x4 timer.o
 .text._ZN5hwlib7ostream5flushEv
                0x00000000        0x2 timer.o
 .text._ZN3due6pin_in3getEv
                0x00000000       0x10 timer.o
 .text._ZN3due7pin_out3setEb
                0x00000000        0xe timer.o
 .text._ZN5hwlib6window5writeENS_8locationENS_5colorE
                0x00000000       0x3e timer.o
 .text._ZN5hwlib4line4drawERNS_6windowE
                0x00000000       0xa4 timer.o
 .text._ZN5hwlib6circle4drawERNS_6windowE
                0x00000000      0x2ec timer.o
 .text._ZN5hwlib4randEv
                0x00000000       0x20 timer.o
 .text._ZN5hwlib15random_in_rangeEjj
                0x00000000       0x1a timer.o
 .text._ZN3due8pin_infoENS_4pinsE
                0x00000000       0x20 timer.o
 .text._ZN3due11ad_pin_infoENS_7ad_pinsE
                0x00000000       0x1c timer.o
 .text._ZN3due11ad_seq_infoEi
                0x00000000       0x20 timer.o
 .text._ZN3due14port_registersEi
                0x00000000       0x48 timer.o
 .text._ZN3due6now_usEv
                0x00000000       0x78 timer.o
 .text._ZN5hwlib7wait_usEi
                0x00000000       0x28 timer.o
 .text._ZN5hwlib24uart_putc_bit_banged_pinEcRNS_7pin_outE
                0x00000000       0x5c timer.o
 .text._ZN5hwlib7wait_nsEi
                0x00000000       0x10 timer.o
 .text._ZN5hwlib7wait_msEi
                0x00000000       0x16 timer.o
 .text._ZN5hwlib5blinkERNS_7pin_outEi
                0x00000000       0x28 timer.o
 .text._ZN5hwlib4kittERNS_11port_in_outEi
                0x00000000       0x54 timer.o
 .text._ZN5hwlib4kittERNS_8port_outEi
                0x00000000       0x4e timer.o
 .text._ZN5hwlib4kittERNS_7port_ocEi
                0x00000000       0x4e timer.o
 .text._ZN5hwlib21graphics_random_linesERNS_6windowE
                0x00000000       0xe8 timer.o
 .text._ZN5hwlib23graphics_random_circlesERNS_6windowE
                0x00000000       0x8c timer.o
 .text._ZN5hwlib9uart_putcEc
                0x00000000       0x3c timer.o
 .text._ZN5hwlib20cout_using_uart_putc4putcEc
                0x00000000        0xa timer.o
 .text._ZN5hwlib6now_usEv
                0x00000000        0x8 timer.o
 .text._ZN5hwlib24uart_getc_bit_banged_pinERNS_6pin_inE
                0x00000000       0x6c timer.o
 .text._ZN5hwlib9uart_getcEv
                0x00000000       0x38 timer.o
 .text._ZN5hwlib19cin_using_uart_getc4getcEv
                0x00000000        0x8 timer.o
 .text._ZN5timer4stopEv
                0x00000000       0x10 timer.o
 .rodata._ZTVN5hwlib19_pin_in_dummy_classE
                0x00000000        0xc timer.o
 .rodata._ZTVN5hwlib20_pin_out_dummy_classE
                0x00000000        0xc timer.o
 .rodata._ZTVN5hwlib23_pin_in_out_dummy_classE
                0x00000000       0x18 timer.o
 .rodata._ZTVN5hwlib19_pin_oc_dummy_classE
                0x00000000       0x10 timer.o
 .rodata._ZTVN5hwlib20cout_using_uart_putcE
                0x00000000       0x10 timer.o
 .rodata._ZTVN5hwlib19cin_using_uart_getcE
                0x00000000        0xc timer.o
 .rodata._ZTVN5hwlib4lineE
                0x00000000        0xc timer.o
 .rodata._ZTVN5hwlib6circleE
                0x00000000        0xc timer.o
 .rodata._ZTVN3due6pin_inE
                0x00000000        0xc timer.o
 .rodata._ZTVN3due7pin_outE
                0x00000000        0xc timer.o
 .bss._ZGVZN5hwlib9uart_putcEcE3pin
                0x00000000        0x4 timer.o
 .data._ZN5hwlib12pin_in_dummyE
                0x00000000        0x4 timer.o
 .data._ZN5hwlib16pin_in_out_dummyE
                0x00000000        0x4 timer.o
 .bss._ZZN5hwlib9uart_getcEvE3pin
                0x00000000        0xc timer.o
 .bss._ZZN5hwlib9uart_putcEcE3pin
                0x00000000        0xc timer.o
 .bss._ZZN5hwlib4randEvE1n
                0x00000000        0x4 timer.o
 .bss._ZZN3due6now_usEvE8last_low
                0x00000000        0x4 timer.o
 .rodata.str1.1
                0x00000000       0x17 timer.o
 .rodata._ZZN3due11ad_pin_infoENS_7ad_pinsEE17ad_pin_info_array
                0x00000000        0xc timer.o
 .data._ZN5hwlib3cinE
                0x00000000        0x4 timer.o
 .bss._ZGVZN5hwlib9uart_getcEvE3pin
                0x00000000        0x4 timer.o
 .data._ZN5hwlib4coutE
                0x00000000       0x14 timer.o
 .bss._ZZN3due6now_usEvE4high
                0x00000000        0x8 timer.o
 .rodata._ZZN3due8pin_infoENS_4pinsEE14pin_info_array
                0x00000000       0xa4 timer.o
 .data._ZN5hwlib12pin_oc_dummyE
                0x00000000        0x4 timer.o
 .rodata._ZZN3due11ad_seq_infoEiE12ad_seq_array
                0x00000000       0x70 timer.o
 .data._ZN5hwlib13pin_out_dummyE
                0x00000000        0x4 timer.o
 .bss._ZZN3due6now_usEvE9init_done
                0x00000000        0x1 timer.o
 .group         0x00000000        0x8 main.o
 .group         0x00000000        0x8 main.o
 .group         0x00000000        0x8 main.o
 .group         0x00000000        0x8 main.o
 .group         0x00000000        0x8 main.o
 .group         0x00000000        0x8 main.o
 .group         0x00000000        0x8 main.o
 .group         0x00000000        0x8 main.o
 .group         0x00000000        0x8 main.o
 .group         0x00000000        0x8 main.o
 .group         0x00000000        0x8 main.o
 .group         0x00000000        0x8 main.o
 .group         0x00000000        0x8 main.o
 .group         0x00000000        0x8 main.o
 .group         0x00000000        0x8 main.o
 .group         0x00000000        0x8 main.o
 .group         0x00000000        0x8 main.o
 .group         0x00000000        0x8 main.o
 .group         0x00000000        0x8 main.o
 .group         0x00000000        0x8 main.o
 .group         0x00000000        0x8 main.o
 .group         0x00000000        0x8 main.o
 .group         0x00000000        0x8 main.o
 .group         0x00000000        0x8 main.o
 .group         0x00000000        0x8 main.o
 .group         0x00000000        0x8 main.o
 .group         0x00000000        0x8 main.o
 .group         0x00000000        0x8 main.o
 .text          0x00000000        0x0 main.o
 .data          0x00000000        0x0 main.o
 .bss           0x00000000        0x0 main.o
 .text._ZN5hwlib19_pin_in_dummy_class3getEv
                0x00000000        0x4 main.o
 .text._ZN5hwlib20_pin_out_dummy_class3setEb
                0x00000000        0x2 main.o
 .text._ZN5hwlib23_pin_in_out_dummy_class3setEb
                0x00000000        0x2 main.o
 .text._ZN5hwlib23_pin_in_out_dummy_class3getEv
                0x00000000        0x4 main.o
 .text._ZN5hwlib23_pin_in_out_dummy_class19direction_set_inputEv
                0x00000000        0x2 main.o
 .text._ZN5hwlib23_pin_in_out_dummy_class20direction_set_outputEv
                0x00000000        0x2 main.o
 .text._ZN5hwlib19_pin_oc_dummy_class3setEb
                0x00000000        0x2 main.o
 .text._ZN5hwlib19_pin_oc_dummy_class3getEv
                0x00000000        0x4 main.o
 .text._ZN5hwlib7ostream5flushEv
                0x00000000        0x2 main.o
 .text._ZN3due6pin_in3getEv
                0x00000000       0x10 main.o
 .text._ZN3due7pin_out3setEb
                0x00000000        0xe main.o
 .text._ZN5hwlib7ostream6fillerEi
                0x00000000       0x1a main.o
 .text._ZN5hwliblsERNS_7ostreamEPKc
                0x00000000       0x54 main.o
 .text._ZN5hwlib6window5writeENS_8locationENS_5colorE
                0x00000000       0x3e main.o
 .text._ZN5hwlib4line4drawERNS_6windowE
                0x00000000       0xa4 main.o
 .text._ZN5hwlib6circle4drawERNS_6windowE
                0x00000000      0x2ec main.o
 .text._ZN5hwlib4randEv
                0x00000000       0x20 main.o
 .text._ZN5hwlib15random_in_rangeEjj
                0x00000000       0x1a main.o
 .text._ZN3due8pin_infoENS_4pinsE
                0x00000000       0x20 main.o
 .text._ZN3due11ad_pin_infoENS_7ad_pinsE
                0x00000000       0x1c main.o
 .text._ZN3due11ad_seq_infoEi
                0x00000000       0x20 main.o
 .text._ZN3due14port_registersEi
                0x00000000       0x48 main.o
 .text._ZN3due6now_usEv
                0x00000000       0x78 main.o
 .text._ZN5hwlib7wait_usEi
                0x00000000       0x28 main.o
 .text._ZN5hwlib24uart_putc_bit_banged_pinEcRNS_7pin_outE
                0x00000000       0x5c main.o
 .text._ZN5hwlib7wait_nsEi
                0x00000000       0x10 main.o
 .text._ZN5hwlib7wait_msEi
                0x00000000       0x16 main.o
 .text._ZN5hwlib5blinkERNS_7pin_outEi
                0x00000000       0x28 main.o
 .text._ZN5hwlib4kittERNS_11port_in_outEi
                0x00000000       0x54 main.o
 .text._ZN5hwlib4kittERNS_8port_outEi
                0x00000000       0x4e main.o
 .text._ZN5hwlib4kittERNS_7port_ocEi
                0x00000000       0x4e main.o
 .text._ZN5hwlib21graphics_random_linesERNS_6windowE
                0x00000000       0xe8 main.o
 .text._ZN5hwlib23graphics_random_circlesERNS_6windowE
                0x00000000       0x8c main.o
 .text._ZN5hwlib9uart_putcEc
                0x00000000       0x3c main.o
 .text._ZN5hwlib20cout_using_uart_putc4putcEc
                0x00000000        0xa main.o
 .text._ZN5hwlib6now_usEv
                0x00000000        0x8 main.o
 .text._ZN5hwlib24uart_getc_bit_banged_pinERNS_6pin_inE
                0x00000000       0x6c main.o
 .text._ZN5hwlib9uart_getcEv
                0x00000000       0x38 main.o
 .text._ZN5hwlib19cin_using_uart_getc4getcEv
                0x00000000        0x8 main.o
 .rodata._ZTVN5hwlib19_pin_in_dummy_classE
                0x00000000        0xc main.o
 .rodata._ZTVN5hwlib20_pin_out_dummy_classE
                0x00000000        0xc main.o
 .rodata._ZTVN5hwlib23_pin_in_out_dummy_classE
                0x00000000       0x18 main.o
 .rodata._ZTVN5hwlib19_pin_oc_dummy_classE
                0x00000000       0x10 main.o
 .rodata._ZTVN5hwlib20cout_using_uart_putcE
                0x00000000       0x10 main.o
 .rodata._ZTVN5hwlib19cin_using_uart_getcE
                0x00000000        0xc main.o
 .rodata._ZTVN5hwlib4lineE
                0x00000000        0xc main.o
 .rodata._ZTVN5hwlib6circleE
                0x00000000        0xc main.o
 .rodata._ZTVN3due6pin_inE
                0x00000000        0xc main.o
 .rodata._ZTVN3due7pin_outE
                0x00000000        0xc main.o
 .bss._ZGVZN5hwlib9uart_putcEcE3pin
                0x00000000        0x4 main.o
 .data._ZN5hwlib12pin_in_dummyE
                0x00000000        0x4 main.o
 .data._ZN5hwlib16pin_in_out_dummyE
                0x00000000        0x4 main.o
 .data._ZN5hwlib3cinE
                0x00000000        0x4 main.o
 .bss._ZZN5hwlib9uart_getcEvE3pin
                0x00000000        0xc main.o
 .bss._ZZN5hwlib9uart_putcEcE3pin
                0x00000000        0xc main.o
 .bss._ZZN5hwlib4randEvE1n
                0x00000000        0x4 main.o
 .bss._ZZN3due6now_usEvE8last_low
                0x00000000        0x4 main.o
 .rodata._ZZN3due11ad_pin_infoENS_7ad_pinsEE17ad_pin_info_array
                0x00000000        0xc main.o
 .data._ZN5hwlib4coutE
                0x00000000       0x14 main.o
 .bss._ZGVZN5hwlib9uart_getcEvE3pin
                0x00000000        0x4 main.o
 .bss._ZZN3due6now_usEvE4high
                0x00000000        0x8 main.o
 .rodata._ZZN3due8pin_infoENS_4pinsEE14pin_info_array
                0x00000000       0xa4 main.o
 .data._ZN5hwlib12pin_oc_dummyE
                0x00000000        0x4 main.o
 .rodata._ZZN3due11ad_seq_infoEiE12ad_seq_array
                0x00000000       0x70 main.o
 .data._ZN5hwlib13pin_out_dummyE
                0x00000000        0x4 main.o
 .bss._ZZN3due6now_usEvE9init_done
                0x00000000        0x1 main.o
 .text          0x00000000        0x0 bmptk_cortex.o
 .data          0x00000000        0x0 bmptk_cortex.o
 .bss           0x00000000        0x0 bmptk_cortex.o
 .text.__aeabi_idiv0
                0x00000000        0x4 bmptk_cortex.o
 .text.__cxa_pure_virtual
                0x00000000        0x2 bmptk_cortex.o
 COMMON         0x00000000        0x4 bmptk_cortex.o
 .text          0x00000000        0x0 bmptk_heap_none.o
 .data          0x00000000        0x0 bmptk_heap_none.o
 .bss           0x00000000        0x0 bmptk_heap_none.o
 .text.malloc   0x00000000        0xa bmptk_heap_none.o
 .text.free     0x00000000        0x4 bmptk_heap_none.o
 .text          0x00000000        0x0 bmptk_fixed_size_stack.o
 .data          0x00000000        0x0 bmptk_fixed_size_stack.o
 .bss           0x00000000        0x0 bmptk_fixed_size_stack.o
 .data          0x00000000        0x0 c:/program files (x86)/gnu tools arm embedded/5.3 2016q1/bin/../lib/gcc/arm-none-eabi/5.3.1/armv7-m\libgcc.a(_aeabi_uldivmod.o)
 .bss           0x00000000        0x0 c:/program files (x86)/gnu tools arm embedded/5.3 2016q1/bin/../lib/gcc/arm-none-eabi/5.3.1/armv7-m\libgcc.a(_aeabi_uldivmod.o)
 .data          0x00000000        0x0 c:/program files (x86)/gnu tools arm embedded/5.3 2016q1/bin/../lib/gcc/arm-none-eabi/5.3.1/armv7-m\libgcc.a(_udivmoddi4.o)
 .bss           0x00000000        0x0 c:/program files (x86)/gnu tools arm embedded/5.3 2016q1/bin/../lib/gcc/arm-none-eabi/5.3.1/armv7-m\libgcc.a(_udivmoddi4.o)
 .ARM.extab     0x00000000        0x0 c:/program files (x86)/gnu tools arm embedded/5.3 2016q1/bin/../lib/gcc/arm-none-eabi/5.3.1/armv7-m\libgcc.a(_udivmoddi4.o)
 .data          0x00000000        0x0 c:/program files (x86)/gnu tools arm embedded/5.3 2016q1/bin/../lib/gcc/arm-none-eabi/5.3.1/armv7-m\libgcc.a(_dvmd_tls.o)
 .bss           0x00000000        0x0 c:/program files (x86)/gnu tools arm embedded/5.3 2016q1/bin/../lib/gcc/arm-none-eabi/5.3.1/armv7-m\libgcc.a(_dvmd_tls.o)

Memory Configuration

Name             Origin             Length             Attributes
rom              0x00000000         0x00080000         xr
ram              0x20000000         0x00018000         xrw
nul              0x20000000         0x00000000         xrw
*default*        0x00000000         0xffffffff

Linker script and memory map

LOAD c:/program files (x86)/gnu tools arm embedded/5.3 2016q1/bin/../lib/gcc/arm-none-eabi/5.3.1/armv7-m\libgcc.a
LOAD DateTime.o
LOAD decoder.o
LOAD signal.o
LOAD timer.o
LOAD main.o
LOAD bmptk_cortex.o
LOAD bmptk_heap_none.o
LOAD bmptk_fixed_size_stack.o
LOAD c:/program files (x86)/gnu tools arm embedded/5.3 2016q1/bin/../lib/gcc/arm-none-eabi/5.3.1/../../../../arm-none-eabi/lib/armv7-m\libstdc++.a
LOAD c:/program files (x86)/gnu tools arm embedded/5.3 2016q1/bin/../lib/gcc/arm-none-eabi/5.3.1/../../../../arm-none-eabi/lib/armv7-m\libm.a
START GROUP
LOAD c:/program files (x86)/gnu tools arm embedded/5.3 2016q1/bin/../lib/gcc/arm-none-eabi/5.3.1/armv7-m\libgcc.a
LOAD c:/program files (x86)/gnu tools arm embedded/5.3 2016q1/bin/../lib/gcc/arm-none-eabi/5.3.1/../../../../arm-none-eabi/lib/armv7-m\libc.a
END GROUP
                0x00000000                __rom_start = ORIGIN (rom)
                0x00080000                __rom_size = LENGTH (rom)
                0x00080000                __rom_end = (__rom_start + __rom_size)
                0x20000000                __ram_start = ORIGIN (ram)
                0x00018000                __ram_size = LENGTH (ram)
                0x20018000                __ram_end = (__ram_start + __ram_size)
                [!provide]                PROVIDE (__rom_start, __rom_start)
                [!provide]                PROVIDE (__rom_size, __rom_size)
                [!provide]                PROVIDE (__rom_end, __rom_end)
                [!provide]                PROVIDE (__ram_start, __ram_start)
                [!provide]                PROVIDE (__ram_size, __ram_size)
                [!provide]                PROVIDE (__ram_end, __ram_end)

.text           0x00000000      0xdec
                0x00000000                . = ALIGN (0x4)
                0x00000000                __text_start = .
                [!provide]                PROVIDE (__text_start, __text_start)
                0x00000000                . = ALIGN (0x4)
 *(.vectors)
 .vectors       0x00000000       0x20 bmptk_cortex.o
                0x00000000                __vectors
                0x00000020                . = ALIGN (0x4)
 *(.text .text.* .gnu.linkonce.t.*)
 .text._ZN5hwlib7ostream5flushEv
                0x00000020        0x2 DateTime.o
                0x00000020                hwlib::ostream::flush()
 .text._ZN3due6pin_in3getEv
                0x00000022       0x10 DateTime.o
                0x00000022                due::pin_in::get()
 .text._ZN3due7pin_out3setEb
                0x00000032        0xe DateTime.o
                0x00000032                due::pin_out::set(bool)
 .text._ZN5hwlib7ostream6fillerEi
                0x00000040       0x1a DateTime.o
                0x00000040                hwlib::ostream::filler(int)
 .text._ZN5hwliblsERNS_7ostreamEPKc
                0x0000005a       0x54 DateTime.o
                0x0000005a                hwlib::operator<<(hwlib::ostream&, char const*)
 .text._ZN5hwliblsERNS_7ostreamEi
                0x000000ae       0xd4 DateTime.o
                0x000000ae                hwlib::operator<<(hwlib::ostream&, int)
 *fill*         0x00000182        0x2 
 .text._ZN3due8pin_infoENS_4pinsE
                0x00000184       0x20 DateTime.o
                0x00000184                due::pin_info(due::pins)
 .text._ZN3due14port_registersEi
                0x000001a4       0x48 DateTime.o
                0x000001a4                due::port_registers(int)
 .text._ZN3due6now_usEv
                0x000001ec       0x78 DateTime.o
                0x000001ec                due::now_us()
 *fill*         0x00000264        0xc 
 .text._ZN5hwlib7wait_usEi
                0x00000270       0x28 DateTime.o
                0x00000270                hwlib::wait_us(int)
 .text._ZN5hwlib24uart_putc_bit_banged_pinEcRNS_7pin_outE
                0x00000298       0x5c DateTime.o
                0x00000298                hwlib::uart_putc_bit_banged_pin(char, hwlib::pin_out&)
 .text._ZN5hwlib7wait_msEi
                0x000002f4       0x16 DateTime.o
                0x000002f4                hwlib::wait_ms(int)
 *fill*         0x0000030a        0x2 
 .text._ZN5hwlib9uart_putcEc
                0x0000030c       0x3c DateTime.o
                0x0000030c                hwlib::uart_putc(char)
 .text._ZN5hwlib20cout_using_uart_putc4putcEc
                0x00000348        0xa DateTime.o
                0x00000348                hwlib::cout_using_uart_putc::putc(char)
 .text._ZN5hwlib6now_usEv
                0x00000352        0x8 DateTime.o
                0x00000352                hwlib::now_us()
 .text._ZN8DateTimeC2Eiiiiiii
                0x0000035a       0x18 DateTime.o
                0x0000035a                DateTime::DateTime(int, int, int, int, int, int, int)
                0x0000035a                DateTime::DateTime(int, int, int, int, int, int, int)
 .text._ZN8DateTimeC2Ev
                0x00000372       0x12 DateTime.o
                0x00000372                DateTime::DateTime()
                0x00000372                DateTime::DateTime()
 .text._ZlsRN5hwlib7ostreamE12DAYOFTHEWEEK
                0x00000384       0x50 DateTime.o
                0x00000384                operator<<(hwlib::ostream&, DAYOFTHEWEEK)
 .text._ZlsRN5hwlib7ostreamE8DateTime
                0x000003d4       0x7c DateTime.o
                0x000003d4                operator<<(hwlib::ostream&, DateTime)
 .text._ZN7decoderC2ERA5760_i
                0x00000450       0x10 decoder.o
                0x00000450                decoder::decoder(int (&) [5760])
                0x00000450                decoder::decoder(int (&) [5760])
 .text._ZN7decoder10store_dataEv
                0x00000460       0x48 decoder.o
                0x00000460                decoder::store_data()
 .text._ZN7decoder12process_dataEv
                0x000004a8       0x98 decoder.o
                0x000004a8                decoder::process_data()
 .text._ZN7decoder12parity_checkEiii
                0x00000540       0x34 decoder.o
                0x00000540                decoder::parity_check(int, int, int)
 .text._ZN7decoder16parity_check_allEv
                0x00000574       0x32 decoder.o
                0x00000574                decoder::parity_check_all()
 *fill*         0x000005a6        0x2 
 .text._ZN7decoder20print_decoded_signalEv
                0x000005a8       0x38 decoder.o
                0x000005a8                decoder::print_decoded_signal()
 .text._ZN7decoder12calc_minutesEv
                0x000005e0       0x2e decoder.o
                0x000005e0                decoder::calc_minutes()
 .text._ZN7decoder9calc_hourEv
                0x0000060e       0x2c decoder.o
                0x0000060e                decoder::calc_hour()
 .text._ZN7decoder21calc_day_of_the_monthEv
                0x0000063a       0x32 decoder.o
                0x0000063a                decoder::calc_day_of_the_month()
 .text._ZN7decoder20calc_day_of_the_weekEv
                0x0000066c       0x16 decoder.o
                0x0000066c                decoder::calc_day_of_the_week()
 .text._ZN7decoder10calc_monthEv
                0x00000682       0x28 decoder.o
                0x00000682                decoder::calc_month()
 .text._ZN7decoder20calc_year_in_centuryEv
                0x000006aa       0x46 decoder.o
                0x000006aa                decoder::calc_year_in_century()
 .text._ZN6signalC2ERN3due6pin_inEm
                0x000006f0       0x28 signal.o
                0x000006f0                signal::signal(due::pin_in&, unsigned long)
                0x000006f0                signal::signal(due::pin_in&, unsigned long)
 .text._ZN6signal10get_signalEv
                0x00000718        0x2 signal.o
                0x00000718                signal::get_signal()
 .text._ZN6signal9fill_onceEv
                0x0000071a       0x2e signal.o
                0x0000071a                signal::fill_once()
 .text._ZN5timerC2Em
                0x00000748        0x8 timer.o
                0x00000748                timer::timer(unsigned long)
                0x00000748                timer::timer(unsigned long)
 .text._ZN5timer5startEv
                0x00000750       0x12 timer.o
                0x00000750                timer::start()
 .text._ZN5timer4pollEv
                0x00000762       0x28 timer.o
                0x00000762                timer::poll()
 *fill*         0x0000078a        0x2 
 .text.startup.main
                0x0000078c      0x140 main.o
                0x0000078c                main
 .text.__startup
                0x000008cc       0x48 bmptk_cortex.o
                0x000008cc                __startup
 .text          0x00000914       0x30 c:/program files (x86)/gnu tools arm embedded/5.3 2016q1/bin/../lib/gcc/arm-none-eabi/5.3.1/armv7-m\libgcc.a(_aeabi_uldivmod.o)
                0x00000914                __aeabi_uldivmod
 .text          0x00000944      0x2ec c:/program files (x86)/gnu tools arm embedded/5.3 2016q1/bin/../lib/gcc/arm-none-eabi/5.3.1/armv7-m\libgcc.a(_udivmoddi4.o)
                0x00000944                __udivmoddi4
 .text          0x00000c30        0x4 c:/program files (x86)/gnu tools arm embedded/5.3 2016q1/bin/../lib/gcc/arm-none-eabi/5.3.1/armv7-m\libgcc.a(_dvmd_tls.o)
                0x00000c30                __aeabi_ldiv0
                0x00000c34                . = ALIGN (0x4)
 *(.glue_7t .glue_7)
 .glue_7        0x00000c34        0x0 linker stubs
 .glue_7t       0x00000c34        0x0 linker stubs
                0x00000c34                . = ALIGN (0x4)
 *(.rodata .rodata.* .gnu.linkonce.r.*)
 .rodata._ZTVN5hwlib20cout_using_uart_putcE
                0x00000c34       0x10 DateTime.o
                0x00000c34                vtable for hwlib::cout_using_uart_putc
 .rodata._ZTVN3due6pin_inE
                0x00000c44        0xc DateTime.o
                0x00000c44                vtable for due::pin_in
 .rodata._ZTVN3due7pin_outE
                0x00000c50        0xc DateTime.o
                0x00000c50                vtable for due::pin_out
 .rodata.str1.1
                0x00000c5c       0x56 DateTime.o
                                 0x5a (size before relaxing)
 .rodata._ZZN3due8pin_infoENS_4pinsEE14pin_info_array
                0x00000cb2       0xa4 DateTime.o
 .rodata.str1.1
                0x00000d56       0x4e decoder.o
                                 0x67 (size before relaxing)
 .rodata.str1.1
                0x00000da4       0x47 main.o
                                 0x5e (size before relaxing)
                0x00000dec                . = ALIGN (0x4)
 *fill*         0x00000deb        0x1 
 *(.ARM.extab* .gnu.linkonce.armextab.*)
                0x00000dec                . = ALIGN (0x4)
 *(.gcc_except_table)
                0x00000dec                . = ALIGN (0x4)
 *(.eh_frame_hdr)
                0x00000dec                . = ALIGN (0x4)
 *(.eh_frame)
                0x00000dec                . = ALIGN (0x4)
                0x00000dec                __text_end = .
                [!provide]                PROVIDE (__text_end, __text_end)

.vfp11_veneer   0x00000dec        0x0
 .vfp11_veneer  0x00000dec        0x0 linker stubs

.v4_bx          0x00000dec        0x0
 .v4_bx         0x00000dec        0x0 linker stubs

.iplt           0x00000dec        0x0
 .iplt          0x00000dec        0x0 DateTime.o

.IF_YOU_SEE_THIS_YOU_HAVE_ONE_OR_MORE_GLOBAL_OBJECT_CONSTRUCTORS
 *(.init)
 *(.preinit_array)
 *(SORT(.init_array.*))
 *(.init_array)
                0x00000dec                . = ALIGN (0x4)
                0x00000dec                __exidx_start = .
                [!provide]                PROVIDE (__exidx_start, __exidx_start)

.ARM.exidx      0x00000dec        0x8
 *(.ARM.exidx* .gnu.linkonce.armexidx.*)
 .ARM.exidx     0x00000dec        0x8 c:/program files (x86)/gnu tools arm embedded/5.3 2016q1/bin/../lib/gcc/arm-none-eabi/5.3.1/armv7-m\libgcc.a(_udivmoddi4.o)

.rel.dyn        0x00000df4        0x0
 .rel.iplt      0x00000df4        0x0 DateTime.o
                0x00000df4                . = ALIGN (0x4)
                0x00000df4                __exidx_end = .
                [!provide]                PROVIDE (__exidx_end, __exidx_end)

.bss            0x20000000    0x12024
                0x20000000                . = ALIGN (0x4)
                0x20000000                __stack_start = .
                [!provide]                PROVIDE (__stack_start, __stack_start)
                0x20000000                . = ALIGN (0x4)
 *(.bmptk_stack)
 .bmptk_stack   0x20000000    0x12000 bmptk_fixed_size_stack.o
                0x20000000                bmptk_stack
                0x20012000                . = ALIGN (0x8)
                0x20012000                __main_stack_end = .
                [!provide]                PROVIDE (__main_stack_end, __main_stack_end)
                0x20012000                . = ALIGN (0x4)
                0x20012000                __stack_end = .
                [!provide]                PROVIDE (__stack_end, __stack_end)
                0x20012000                . = ALIGN (0x4)
                0x20012000                __bss_start = .
                [!provide]                PROVIDE (__bss_start, __bss_start)
                0x20012000                . = ALIGN (0x4)
 *(.bss .bss.* .gnu.linkonce.b.*)
 .bss._ZGVZN5hwlib9uart_putcEcE3pin
                0x20012000        0x4 DateTime.o
 .bss._ZZN5hwlib9uart_putcEcE3pin
                0x20012004        0xc DateTime.o
 .bss._ZZN3due6now_usEvE8last_low
                0x20012010        0x4 DateTime.o
 *fill*         0x20012014        0x4 
 .bss._ZZN3due6now_usEvE4high
                0x20012018        0x8 DateTime.o
 .bss._ZZN3due6now_usEvE9init_done
                0x20012020        0x1 DateTime.o
                0x20012024                . = ALIGN (0x4)
 *fill*         0x20012021        0x3 
 *(COMMON)
                0x20012024                . = ALIGN (0x4)
                0x20012024                __bss_end = .
                [!provide]                PROVIDE (__bss_end, __bss_end)

.data           0x20012024       0x14 load address 0x00000df4
                0x20012024                . = ALIGN (0x4)
                0x00000df4                __data_init_start = LOADADDR (.data)
                [!provide]                PROVIDE (__data_init_start, __data_init_start)
                0x20012024                __data_start = .
                [!provide]                PROVIDE (__data_start, __data_start)
                0x20012024                . = ALIGN (0x4)
 *(.data .data.* .gnu.linkonce.d.*)
 .data._ZN5hwlib4coutE
                0x20012024       0x14 DateTime.o
                0x20012024                hwlib::cout
                0x20012038                . = ALIGN (0x4)
                0x20012038                __data_end = .
                [!provide]                PROVIDE (__data_end, __data_end)
                0x00000df4                __data_init_end = LOADADDR (.data)
                [!provide]                PROVIDE (__data_init_end, __data_init_end)
                0x00000014                PROVIDE (__data_size, (__data_end - __data_start))
                0x00000014                PROVIDE (__data_init_size, __data_size)
                [!provide]                PROVIDE (__data_init_end, (__data_init_start + __data_init_size))

.igot.plt       0x20012038        0x0 load address 0x00000e08
 .igot.plt      0x20012038        0x0 DateTime.o
                0x20012038                . = ALIGN (0x4)
                0x20012038                __heap_start = .
                [!provide]                PROVIDE (__heap_start, __heap_start)
                0x20012038                . = ALIGN (0x4)
                0x20018000                __heap_end = __ram_end
                [!provide]                PROVIDE (__heap_end, __heap_end)

.stab
 *(.stab)

.stabstr
 *(.stabstr)

.debug
 *(.debug)

.line
 *(.line)

.debug_srcinfo
 *(.debug_srcinfo)

.debug_sfnames
 *(.debug_sfnames)

.debug_aranges
 *(.debug_aranges)

.debug_pubnames
 *(.debug_pubnames)

.debug_info
 *(.debug_info .gnu.linkonce.wi.*)

.debug_abbrev
 *(.debug_abbrev)

.debug_line
 *(.debug_line)

.debug_frame    0x00000000       0x64
 *(.debug_frame)
 .debug_frame   0x00000000       0x2c c:/program files (x86)/gnu tools arm embedded/5.3 2016q1/bin/../lib/gcc/arm-none-eabi/5.3.1/armv7-m\libgcc.a(_aeabi_uldivmod.o)
 .debug_frame   0x0000002c       0x38 c:/program files (x86)/gnu tools arm embedded/5.3 2016q1/bin/../lib/gcc/arm-none-eabi/5.3.1/armv7-m\libgcc.a(_udivmoddi4.o)

.comment        0x00000000       0x6e
 .comment       0x00000000       0x6e DateTime.o
                                 0x6f (size before relaxing)
 .comment       0x0000006e       0x6f decoder.o
 .comment       0x0000006e       0x6f signal.o
 .comment       0x0000006e       0x6f timer.o
 .comment       0x0000006e       0x6f main.o
 .comment       0x0000006e       0x6f bmptk_cortex.o
 .comment       0x0000006e       0x6f bmptk_heap_none.o
 .comment       0x0000006e       0x6f bmptk_fixed_size_stack.o

.debug_str
 *(.debug_str)

.debug_loc
 *(.debug_loc)

.debug_macinfo
 *(.debug_macinfo)

.debug_weaknames
 *(.debug_weaknames)

.debug_funcnames
 *(.debug_funcnames)

.debug_typenames
 *(.debug_typenames)

.debug_varnames
 *(.debug_varnames)

.note.gnu.arm.ident
 *(.note.gnu.arm.ident)

.ARM.attributes
                0x00000000       0x33
 *(.ARM.attributes)
 .ARM.attributes
                0x00000000       0x33 DateTime.o
 .ARM.attributes
                0x00000033       0x33 decoder.o
 .ARM.attributes
                0x00000066       0x33 signal.o
 .ARM.attributes
                0x00000099       0x33 timer.o
 .ARM.attributes
                0x000000cc       0x33 main.o
 .ARM.attributes
                0x000000ff       0x33 bmptk_cortex.o
 .ARM.attributes
                0x00000132       0x33 bmptk_heap_none.o
 .ARM.attributes
                0x00000165       0x33 bmptk_fixed_size_stack.o
 .ARM.attributes
                0x00000198       0x1d c:/program files (x86)/gnu tools arm embedded/5.3 2016q1/bin/../lib/gcc/arm-none-eabi/5.3.1/armv7-m\libgcc.a(_aeabi_uldivmod.o)
 .ARM.attributes
                0x000001b5       0x2d c:/program files (x86)/gnu tools arm embedded/5.3 2016q1/bin/../lib/gcc/arm-none-eabi/5.3.1/armv7-m\libgcc.a(_udivmoddi4.o)
 .ARM.attributes
                0x000001e2       0x1d c:/program files (x86)/gnu tools arm embedded/5.3 2016q1/bin/../lib/gcc/arm-none-eabi/5.3.1/armv7-m\libgcc.a(_dvmd_tls.o)

/DISCARD/
 *(.note.GNU-stack)
                [!provide]                PROVIDE (__text_size, (__text_end - __text_start))
                [!provide]                PROVIDE (__exidx_size, (__exidx_end - __exidx_start))
                [!provide]                PROVIDE (__bss_size, (__bss_end - __bss_start))
                [!provide]                PROVIDE (__stack_size, (__stack_end - __stack_start))
                [!provide]                PROVIDE (__heap_size, (__heap_end - __heap_start))
OUTPUT(main.elf elf32-littlearm)
